Microchip MPLAB XC8 Compiler V2.40

Linker command line:

-W-3 \
  --edf=C:\Program Files\Microchip\xc8\v2.40\pic\dat\20220703182018_en.msgs \
  -cn -h+dist/default/debug\termometr.X.debug.sym \
  --cmf=dist/default/debug\termometr.X.debug.cmf -z -Q16F877A \
  -oC:\Users\anar_\AppData\Local\Temp\xcAsbss.4 --defsym=__MPLAB_BUILD=1 \
  --fixupoverflow=error -Mdist/default/debug/termometr.X.debug.map \
  --md=C:\Users\anar_\AppData\Local\Temp\xcAsbss.dat -E1 -ver=XC8 Compiler \
  --acfsm=1493 -ACODE=00h-07FFhx4 -ASTRCODE=00h-01FFFh -ASTRING=00h-0FFhx32 \
  -ACONST=00h-0FFhx32 -AENTRY=00h-0FFhx32 -ACOMMON=070h-07Fh \
  -ABANK0=020h-06Fh -ABANK1=0A0h-0EFh -ABANK2=0110h-016Fh \
  -ABANK3=0190h-01EFh -ARAM=020h-06Fh,0A0h-0EFh,0110h-016Fh,0190h-01EFh \
  -AABS1=020h-07Fh,0A0h-0EFh,0110h-016Fh,0190h-01EFh -ASFR0=00h-01Fh \
  -ASFR1=080h-09Fh -ASFR2=0100h-010Fh -ASFR3=0180h-018Fh \
  -ACONFIG=02007h-02007h -DCONFIG=2 -AIDLOC=02000h-02003h -DIDLOC=2 \
  -AEEDATA=00h-0FFh/02100h -peeprom_data=EEDATA -DEEDATA=2 -DCODE=2 \
  -DSTRCODE=2 -DSTRING=2 -DCONST=2 -DENTRY=2 \
  -preset_vec=00h,intentry,init,end_init -ppowerup=CODE -pcinit=CODE \
  -pfunctab=ENTRY -k C:\Users\anar_\AppData\Local\Temp\xcAsbss.o \
  dist/default/debug\termometr.X.debug.o 

Object code version is 3.11

Machine type is 16F877A



                Name                               Link     Load   Length Selector   Space Scale
C:\Users\anar_\AppData\Local\Temp\xcAsbss.o
                end_init                              0        0        3        0       0
                config                             2007     2007        1        0       4
                idloc                              2000     2000        4        0       5
dist/default/debug\termometr.X.debug.o
                cinit                               7EE      7EE       12      FDC       0
                config                             2007     2007        1        0       4
                idloc                              2000     2000        4        0       5
                text28                             1D0A     1D0A        E     3A14       0
                text27                             1D18     1D18       10     3A30       0
                text26                             11CA     11CA      1D3     2394       0
                text25                             10B4     10B4       27     2168       0
                text24                              95C      95C      345     12B8       0
                text23                               3E       3E       B8       7C       0
                text22                             109E     109E       16     213C       0
                text21                             10DB     10DB       77     21B6       0
                text20                             1CFE     1CFE        C     39FC       0
                text19                             1DDA     1DDA       4E     3BB4       0
                text18                              803      803       A2     1006       0
                text17                             1CF3     1CF3        B     39E6       0
                text16                             15A8     15A8      258     2B50       0
                text15                             1D4D     1D4D       24     3A9A       0
                text14                             1152     1152       78     22A4       0
                text13                             1F31     1F31       66     3E62       0
                text12                             1E28     1E28       54     3C50       0
                text11                             1D71     1D71       25     3AE2       0
                text10                               F6       F6       B8      1EC       0
                text9                               8A5      8A5       B7     114A       0
                text8                              1D96     1D96       44     3B2C       0
                text7                                 4        4       3A        8       0
                text6                              139D     139D      20B     273A       0
                text5                              1D28     1D28       12     3A50       0
                text4                              1F97     1F97       69     3F2E       0
                text3                              1E7C     1E7C       59     3CF8       0
                text2                               CA1      CA1      35F     1942       0
                text1                               1AE      1AE      640      35C       0
                maintext                           1ED5     1ED5       5C     3DAA       0
                cstackBANK0                          20       20       50       20       1
                cstackCOMMON                         70       70        E       70       1
                cstackBANK1                          A0       A0       23       A0       1
                inittext                           1D3A     1D3A       13     3A74       0
                dataBANK1                            C3       C3        7       A0       1
                strings                            1000     1000       9D     2000       0
                idataBANK1                         1CEC     1CEC        7     39D8       0

TOTAL           Name                               Link     Load   Length     Space
        CLASS   CODE           
                end_init                              0        0        3         0
                cinit                               7EE      7EE       12         0
                text28                             1D0A     1D0A        E         0
                text27                             1D18     1D18       10         0
                text26                             11CA     11CA      1D3         0
                text25                             10B4     10B4       27         0
                text24                              95C      95C      345         0
                text23                               3E       3E       B8         0
                text22                             109E     109E       16         0
                text21                             10DB     10DB       77         0
                text20                             1CFE     1CFE        C         0
                text19                             1DDA     1DDA       4E         0
                text18                              803      803       A2         0
                text17                             1CF3     1CF3        B         0
                text16                             15A8     15A8      258         0
                text15                             1D4D     1D4D       24         0
                text14                             1152     1152       78         0
                text13                             1F31     1F31       66         0
                text12                             1E28     1E28       54         0
                text11                             1D71     1D71       25         0
                text10                               F6       F6       B8         0
                text9                               8A5      8A5       B7         0
                text8                              1D96     1D96       44         0
                text7                                 4        4       3A         0
                text6                              139D     139D      20B         0
                text5                              1D28     1D28       12         0
                text4                              1F97     1F97       69         0
                text3                              1E7C     1E7C       59         0
                text2                               CA1      CA1      35F         0
                text1                               1AE      1AE      640         0
                maintext                           1ED5     1ED5       5C         0
                inittext                           1D3A     1D3A       13         0
                idataBANK1                         1CEC     1CEC        7         0

        CLASS   STRCODE        

        CLASS   STRING         
                strings                            1000     1000       9D         0

        CLASS   CONST          

        CLASS   ENTRY          

        CLASS   COMMON         
                cstackCOMMON                         70       70        E         1

        CLASS   BANK0          
                cstackBANK0                          20       20       50         1

        CLASS   BANK1          
                cstackBANK1                          A0       A0       23         1
                dataBANK1                            C3       C3        7         1

        CLASS   BANK2          

        CLASS   BANK3          

        CLASS   RAM            

        CLASS   ABS1           
                abs_s1                               7E       7E        2         1

        CLASS   SFR0           

        CLASS   SFR1           

        CLASS   SFR2           

        CLASS   SFR3           

        CLASS   CONFIG         
                config                             2007     2007        1         4

        CLASS   IDLOC          
                idloc                              2000     2000        4         5

        CLASS   EEDATA         

        CLASS   STACK          



SEGMENTS        Name                           Load    Length   Top    Selector   Space  Class     Delta

                reset_vec                      000000  000003  000003         0       0  CODE        2
                text7                          000004  00003A  00003E         8       0  CODE        2
                cstackBANK0                    000020  000050  000070        20       1  BANK0       1
                cstackCOMMON                   000070  00000E  00007E        70       1  COMMON      1
                text23                         00003E  0000B8  0000F6        7C       0  CODE        2
                cstackBANK1                    0000A0  00002A  0000CA        A0       1  BANK1       1
                text10                         0000F6  0000B8  0001AE       1EC       0  CODE        2
                text1                          0001AE  000640  0007EE       35C       0  CODE        2
                cinit                          0007EE  000012  000800       FDC       0  CODE        2
                text18                         000803  0000A2  0008A5      1006       0  CODE        2
                text9                          0008A5  0000B7  00095C      114A       0  CODE        2
                text24                         00095C  000345  000CA1      12B8       0  CODE        2
                text2                          000CA1  00035F  001000      1942       0  CODE        2
                strings                        001000  00009D  00109D      2000       0  STRING      2
                text22                         00109E  000016  0010B4      213C       0  CODE        2
                text25                         0010B4  000027  0010DB      2168       0  CODE        2
                text21                         0010DB  000077  001152      21B6       0  CODE        2
                text14                         001152  000078  0011CA      22A4       0  CODE        2
                text26                         0011CA  0001D3  00139D      2394       0  CODE        2
                text6                          00139D  00020B  0015A8      273A       0  CODE        2
                text16                         0015A8  000258  001800      2B50       0  CODE        2
                idataBANK1                     001CEC  000007  001CF3      39D8       0  CODE        2
                text17                         001CF3  00000B  001CFE      39E6       0  CODE        2
                text20                         001CFE  00000C  001D0A      39FC       0  CODE        2
                text28                         001D0A  00000E  001D18      3A14       0  CODE        2
                text27                         001D18  000010  001D28      3A30       0  CODE        2
                text5                          001D28  000012  001D3A      3A50       0  CODE        2
                inittext                       001D3A  000013  001D4D      3A74       0  CODE        2
                text15                         001D4D  000024  001D71      3A9A       0  CODE        2
                text11                         001D71  000025  001D96      3AE2       0  CODE        2
                text8                          001D96  000044  001DDA      3B2C       0  CODE        2
                text19                         001DDA  00004E  001E28      3BB4       0  CODE        2
                text12                         001E28  000054  001E7C      3C50       0  CODE        2
                text3                          001E7C  000059  001ED5      3CF8       0  CODE        2
                maintext                       001ED5  00005C  001F31      3DAA       0  CODE        2
                text13                         001F31  000066  001F97      3E62       0  CODE        2
                text4                          001F97  000069  002000      3F2E       0  CODE        2


UNUSED ADDRESS RANGES

        Name                Unused          Largest block    Delta
        BANK1            00CA-00EF             26           1
        BANK2            0110-016F             60           1
        BANK3            0190-01EF             60           1
        CODE             0003-0003              1           2
                         0800-0802              3
                         109D-109D              1
                         1800-1CEB            4EC
        CONST            0003-0003              1           2
                         0800-0802              3
                         109D-109D              1
                         1800-1CEB            100
        EEDATA           2100-21FF            100           2
        ENTRY            0003-0003              1           2
                         0800-0802              3
                         109D-109D              1
                         1800-1CEB            100
        RAM              00CA-00EF             26           1
                         0110-016F             60
                         0190-01EF             60
        SFR0             0000-001F             20           1
        SFR1             0080-009F             20           1
        SFR2             0100-010F             10           1
        SFR3             0180-018F             10           1
        STRCODE          0003-0003              1           2
                         0800-0802              3
                         109D-109D              1
                         1800-1CEB            4EC
        STRING           0003-0003              1           2
                         0800-0802              3
                         109D-109D              1
                         1800-1CEB            100

                                  Symbol Table

?__Umul8_16               cstackCOMMON 0070
?___awdiv                 cstackCOMMON 0077
?___awmod                 cstackCOMMON 0070
?___fladd                 cstackBANK0  0052
?___fldiv                 cstackBANK0  003E
?___flmul                 cstackBANK0  0024
?___flneg                 cstackCOMMON 0070
?___flsub                 cstackBANK0  0066
?___fltol                 cstackBANK0  0051
?___lldiv                 cstackCOMMON 0070
?___llmod                 cstackCOMMON 0070
?___lwdiv                 cstackCOMMON 0076
?___lwmod                 cstackCOMMON 0070
?___wmul                  cstackCOMMON 0070
?___xxtofl                cstackCOMMON 0070
?__div_to_l_              cstackCOMMON 0070
?__tdiv_to_l_             cstackCOMMON 0070
?_fround                  cstackBANK0  003E
?_measure                 cstackBANK0  0058
?_scale                   cstackBANK0  003E
?_sprintf                 cstackBANK1  00A0
_ADCS0                    (abs)        00FE
_ADFM                     (abs)        04FF
_ADON                     (abs)        00F8
_ADRESH                   (abs)        001E
_ADRESL                   (abs)        009E
_BRGH                     (abs)        04C2
_GO                       (abs)        00FA
_PCFG0                    (abs)        04F8
_PCFG1                    (abs)        04F9
_PCFG2                    (abs)        04FA
_PCFG3                    (abs)        04FB
_PORTA                    (abs)        0005
_SPBRG                    (abs)        0099
_SPEN                     (abs)        00C7
_SYNC                     (abs)        04C4
_TRISC6                   (abs)        043E
_TRISC7                   (abs)        043F
_TRMT                     (abs)        04C1
_TX9                      (abs)        04C6
_TX9D                     (abs)        04C0
_TXEN                     (abs)        04C5
_TXREG                    (abs)        0019
__Habs1                   abs1         0000
__Hbank0                  bank0        0000
__Hbank1                  bank1        0000
__Hbank2                  bank2        0000
__Hbank3                  bank3        0000
__Hcinit                  cinit        0800
__Hclrtext                clrtext      0000
__Hcode                   code         0000
__Hcommon                 common       0000
__Hconfig                 config       2008
__HcstackBANK0            cstackBANK0  0000
__HcstackBANK1            cstackBANK1  0000
__HcstackCOMMON           cstackCOMMON 0000
__HdataBANK1              dataBANK1    0000
__Heeprom_data            eeprom_data  0000
__Hend_init               end_init     0003
__Hfunctab                functab      0000
__HidataBANK1             idataBANK1   0000
__Hidloc                  idloc        2004
__Hinit                   init         0000
__Hinittext               inittext     0000
__Hintentry               intentry     0000
__Hmaintext               maintext     0000
__Hpowerup                powerup      0000
__Hram                    ram          0000
__Hreset_vec              reset_vec    0000
__Hsfr0                   sfr0         0000
__Hsfr1                   sfr1         0000
__Hsfr2                   sfr2         0000
__Hsfr3                   sfr3         0000
__Hspace_0                (abs)        2000
__Hspace_1                (abs)        00CA
__Hspace_2                (abs)        0000
__Hspace_3                (abs)        0000
__Hspace_4                (abs)        400F
__Hstack                  stack        0000
__Hstrings                strings      0000
__Htext                   text         0000
__Labs1                   abs1         0000
__Lbank0                  bank0        0000
__Lbank1                  bank1        0000
__Lbank2                  bank2        0000
__Lbank3                  bank3        0000
__Lcinit                  cinit        07EE
__Lclrtext                clrtext      0000
__Lcode                   code         0000
__Lcommon                 common       0000
__Lconfig                 config       0000
__LcstackBANK0            cstackBANK0  0000
__LcstackBANK1            cstackBANK1  0000
__LcstackCOMMON           cstackCOMMON 0000
__LdataBANK1              dataBANK1    0000
__Leeprom_data            eeprom_data  0000
__Lend_init               end_init     0000
__Lfunctab                functab      0000
__LidataBANK1             idataBANK1   0000
__Lidloc                  idloc        0000
__Linit                   init         0000
__Linittext               inittext     0000
__Lintentry               intentry     0000
__Lmaintext               maintext     0000
__Lpowerup                powerup      0000
__Lram                    ram          0000
__Lreset_vec              reset_vec    0000
__Lsfr0                   sfr0         0000
__Lsfr1                   sfr1         0000
__Lsfr2                   sfr2         0000
__Lsfr3                   sfr3         0000
__Lspace_0                (abs)        0000
__Lspace_1                (abs)        0000
__Lspace_2                (abs)        0000
__Lspace_3                (abs)        0000
__Lspace_4                (abs)        0000
__Lstack                  stack        0000
__Lstrings                strings      0000
__Ltext                   text         0000
__S0                      (abs)        2000
__S1                      (abs)        00CA
__S3                      (abs)        0000
__Umul8_16                text25       10B4
__Umul8_16@multiplicand   cstackCOMMON 0070
__Umul8_16@multiplier     cstackCOMMON 0078
__Umul8_16@product        cstackCOMMON 0074
__Umul8_16@word_mpld      cstackCOMMON 0076
___awdiv                  text4        1F97
___awdiv@counter          cstackBANK0  0020
___awdiv@dividend         cstackCOMMON 0079
___awdiv@divisor          cstackCOMMON 0077
___awdiv@quotient         cstackBANK0  0022
___awdiv@sign             cstackBANK0  0021
___awmod                  text3        1E7C
___awmod@counter          cstackCOMMON 0075
___awmod@dividend         cstackCOMMON 0072
___awmod@divisor          cstackCOMMON 0070
___awmod@sign             cstackCOMMON 0076
___fladd                  text16       15A8
___fladd@a                cstackBANK0  0056
___fladd@aexp             cstackBANK0  0063
___fladd@b                cstackBANK0  0052
___fladd@bexp             cstackBANK0  0064
___fladd@grs              cstackBANK0  0065
___fladd@signs            cstackBANK0  0062
___fldiv                  text26       11CA
___fldiv@a                cstackBANK0  003E
___fldiv@aexp             cstackBANK0  0057
___fldiv@b                cstackBANK0  0042
___fldiv@bexp             cstackBANK0  0056
___fldiv@grs              cstackBANK0  0052
___fldiv@new_exp          cstackBANK0  0050
___fldiv@rem              cstackBANK0  004B
___fldiv@sign             cstackBANK0  004F
___fleq                   text19       1DDA
___fleq@ff1               cstackCOMMON 0070
___fleq@ff2               cstackCOMMON 0074
___flge                   text18       0803
___flge@ff1               cstackCOMMON 0070
___flge@ff2               cstackCOMMON 0074
___flmul                  text24       095C
___flmul@a                cstackBANK0  0028
___flmul@aexp             cstackBANK0  0036
___flmul@b                cstackBANK0  0024
___flmul@bexp             cstackBANK0  0037
___flmul@grs              cstackBANK0  0032
___flmul@prod             cstackBANK0  0038
___flmul@sign             cstackBANK0  0031
___flmul@temp             cstackBANK0  003C
___flneg                  text17       1CF3
___flneg@f1               cstackCOMMON 0070
___flsub                  text15       1D4D
___flsub@a                cstackBANK0  0066
___flsub@b                cstackBANK0  006A
___fltol                  text14       1152
___fltol@exp1             cstackBANK0  005A
___fltol@f1               cstackBANK0  0051
___fltol@sign1            cstackBANK0  0059
___int_sp                 stack        0000
___latbits                (abs)        0002
___lldiv                  text13       1F31
___lldiv@counter          cstackCOMMON 007D
___lldiv@dividend         cstackCOMMON 0074
___lldiv@divisor          cstackCOMMON 0070
___lldiv@quotient         cstackCOMMON 0079
___llmod                  text12       1E28
___llmod@counter          cstackCOMMON 0079
___llmod@dividend         cstackCOMMON 0074
___llmod@divisor          cstackCOMMON 0070
___lwdiv                  text8        1D96
___lwdiv@counter          cstackCOMMON 007D
___lwdiv@dividend         cstackCOMMON 0078
___lwdiv@divisor          cstackCOMMON 0076
___lwdiv@quotient         cstackCOMMON 007B
___lwmod                  text7        0004
___lwmod@counter          cstackCOMMON 0075
___lwmod@dividend         cstackCOMMON 0072
___lwmod@divisor          cstackCOMMON 0070
___sp                     stack        0000
___stackhi                (abs)        0000
___stacklo                (abs)        0000
___wmul                   text11       1D71
___wmul@multiplicand      cstackCOMMON 0072
___wmul@multiplier        cstackCOMMON 0070
___wmul@product           cstackCOMMON 0074
___xxtofl                 text23       003E
___xxtofl@arg             cstackCOMMON 007A
___xxtofl@exp             cstackCOMMON 0079
___xxtofl@sign            cstackCOMMON 0078
___xxtofl@val             cstackCOMMON 0070
__div_to_l_               text10       00F6
__div_to_l_@cntr          cstackBANK0  0024
__div_to_l_@exp1          cstackBANK0  0025
__div_to_l_@f1            cstackCOMMON 0070
__div_to_l_@f2            cstackCOMMON 0074
__div_to_l_@quot          cstackBANK0  0020
__end_of__Umul8_16        text25       10DB
__end_of___awdiv          text4        2000
__end_of___awmod          text3        1ED5
__end_of___fladd          text16       1800
__end_of___fldiv          text26       139D
__end_of___fleq           text19       1E28
__end_of___flge           text18       08A5
__end_of___flmul          text24       0CA1
__end_of___flneg          text17       1CFE
__end_of___flsub          text15       1D71
__end_of___fltol          text14       11CA
__end_of___lldiv          text13       1F97
__end_of___llmod          text12       1E7C
__end_of___lwdiv          text8        1DDA
__end_of___lwmod          text7        003E
__end_of___wmul           text11       1D96
__end_of___xxtofl         text23       00F6
__end_of__div_to_l_       text10       01AE
__end_of__initialization  cinit        07FC
__end_of__npowers_        strings      106E
__end_of__powers_         strings      103A
__end_of__stringtab       strings      1006
__end_of__tdiv_to_l_      text9        095C
__end_of_delay            text22       10B4
__end_of_dpowers          strings      1096
__end_of_fround           text6        15A8
__end_of_initTermoDatchik text28       1D18
__end_of_initialiseUART   text27       1D28
__end_of_isdigit          text5        1D3A
__end_of_main             maintext     1F31
__end_of_measure          text21       1152
__end_of_scale            text2        1000
__end_of_sendUART         text20       1D0A
__end_of_sprintf          text1        07EE
__initialization          cinit        07EE
__npowers_                strings      103A
__pcstackBANK0            cstackBANK0  0020
__pcstackBANK1            cstackBANK1  00A0
__pcstackCOMMON           cstackCOMMON 0070
__pdataBANK1              dataBANK1    00C3
__pidataBANK1             idataBANK1   1CEC
__pmaintext               maintext     1ED5
__powers_                 strings      1006
__pstrings                strings      1000
__ptext1                  text1        01AE
__ptext10                 text10       00F6
__ptext11                 text11       1D71
__ptext12                 text12       1E28
__ptext13                 text13       1F31
__ptext14                 text14       1152
__ptext15                 text15       1D4D
__ptext16                 text16       15A8
__ptext17                 text17       1CF3
__ptext18                 text18       0803
__ptext19                 text19       1DDA
__ptext2                  text2        0CA1
__ptext20                 text20       1CFE
__ptext21                 text21       10DB
__ptext22                 text22       109E
__ptext23                 text23       003E
__ptext24                 text24       095C
__ptext25                 text25       10B4
__ptext26                 text26       11CA
__ptext27                 text27       1D18
__ptext28                 text28       1D0A
__ptext3                  text3        1E7C
__ptext4                  text4        1F97
__ptext5                  text5        1D28
__ptext6                  text6        139D
__ptext7                  text7        0004
__ptext8                  text8        1D96
__ptext9                  text9        08A5
__stringbase              strings      1005
__stringtab               strings      1000
__tdiv_to_l_              text9        08A5
__tdiv_to_l_@cntr         cstackBANK0  0024
__tdiv_to_l_@exp1         cstackBANK0  0025
__tdiv_to_l_@f1           cstackCOMMON 0070
__tdiv_to_l_@f2           cstackCOMMON 0074
__tdiv_to_l_@quot         cstackBANK0  0020
_delay                    text22       109E
_dpowers                  strings      106E
_fround                   text6        139D
_fround$764               cstackBANK0  004D
_fround$765               cstackBANK0  0049
_initTermoDatchik         text28       1D0A
_initialiseUART           text27       1D18
_isdigit                  text5        1D28
_isdigit$596              cstackCOMMON 0070
_main                     maintext     1ED5
_measure                  text21       10DB
_scale                    text2        0CA1
_scale$766                cstackBANK0  004C
_sendUART                 text20       1CFE
_sprintf                  text1        01AE
_sprintf$767              cstackBANK1  00AA
_str01                    dataBANK1    00C3
btemp                     (abs)        007E
delay@i                   cstackCOMMON 0070
end_of_initialization     cinit        07FC
fround@prec               cstackBANK0  0051
init_fetch0               inittext     1D3A
init_ram0                 inittext     1D3E
intlevel0                 functab      0000
intlevel1                 functab      0000
intlevel2                 functab      0000
intlevel3                 functab      0000
intlevel4                 functab      0000
intlevel5                 functab      0000
isdigit@c                 cstackCOMMON 0071
main@index_of_string      cstackBANK0  006E
measure@adc_data          cstackBANK0  005E
measure@adc_data_raw      cstackBANK0  0062
reset_vec                 reset_vec    0000
scale@scl                 cstackBANK0  0050
sendUART@ch               cstackCOMMON 0070
sprintf@ap                cstackBANK1  00AE
sprintf@c                 cstackBANK1  00C2
sprintf@eexp              cstackBANK1  00B5
sprintf@f                 cstackBANK1  00A0
sprintf@flag              cstackBANK1  00AF
sprintf@fval              cstackBANK1  00BE
sprintf@prec              cstackBANK1  00BC
sprintf@sp                cstackBANK1  00BB
sprintf@tmpval            cstackBANK1  00B7
sprintf@val               cstackBANK1  00B1
start                     init         0000
start_initialization      cinit        07EE
wtemp0                    (abs)        007E


MODULE INFORMATION

Module		Function		Class		Link	Load	Size
C:\Program Files\Microchip\xc8\v2.40\pic\sources\c90\common\fltol.c
		___fltol       		CODE           	1152	0000	120

C:\Program Files\Microchip\xc8\v2.40\pic\sources\c90\common\fltol.c estimated size: 120

C:\Program Files\Microchip\xc8\v2.40\pic\sources\c90\common\awdiv.c
		___awdiv       		CODE           	1F97	0000	105

C:\Program Files\Microchip\xc8\v2.40\pic\sources\c90\common\awdiv.c estimated size: 105

usart.c
		_sendUART      		CODE           	1CFE	0000	12
		_initialiseUART		CODE           	1D18	0000	16

usart.c estimated size: 28

C:\Program Files\Microchip\xc8\v2.40\pic\sources\c90\common\sprcmul.c
		___flmul       		CODE           	095C	0000	837

C:\Program Files\Microchip\xc8\v2.40\pic\sources\c90\common\sprcmul.c estimated size: 837

C:\Program Files\Microchip\xc8\v2.40\pic\sources\c90\common\__lldiv.c
		___lldiv       		CODE           	1F31	0000	102

C:\Program Files\Microchip\xc8\v2.40\pic\sources\c90\common\__lldiv.c estimated size: 102

C:\Program Files\Microchip\xc8\v2.40\pic\sources\c90\common\flneg.c
		___flneg       		CODE           	1CF3	0000	11

C:\Program Files\Microchip\xc8\v2.40\pic\sources\c90\common\flneg.c estimated size: 11

C:\Program Files\Microchip\xc8\v2.40\pic\sources\c90\common\sprcdiv.c
		___fldiv       		CODE           	11CA	0000	467

C:\Program Files\Microchip\xc8\v2.40\pic\sources\c90\common\sprcdiv.c estimated size: 467

C:\Program Files\Microchip\xc8\v2.40\pic\sources\c90\common\fleq.c
		___fleq        		CODE           	1DDA	0000	78

C:\Program Files\Microchip\xc8\v2.40\pic\sources\c90\common\fleq.c estimated size: 78

C:\Program Files\Microchip\xc8\v2.40\pic\sources\c90\common\Umul8_16.c
		__Umul8_16     		CODE           	10B4	0000	39

C:\Program Files\Microchip\xc8\v2.40\pic\sources\c90\common\Umul8_16.c estimated size: 39

C:\Program Files\Microchip\xc8\v2.40\pic\sources\c90\common\doprnt.c
		_scale         		CODE           	0CA1	0000	863
		_sprintf       		CODE           	01AE	0000	1600
		_fround        		CODE           	139D	0000	523

C:\Program Files\Microchip\xc8\v2.40\pic\sources\c90\common\doprnt.c estimated size: 2986

C:\Program Files\Microchip\xc8\v2.40\pic\sources\c90\common\ftdivl.c
		__tdiv_to_l_   		CODE           	08A5	0000	183

C:\Program Files\Microchip\xc8\v2.40\pic\sources\c90\common\ftdivl.c estimated size: 183

C:\Program Files\Microchip\xc8\v2.40\pic\sources\c90\common\Umul16.c
		___wmul        		CODE           	1D71	0000	37

C:\Program Files\Microchip\xc8\v2.40\pic\sources\c90\common\Umul16.c estimated size: 37

termometr.c
		_main          		CODE           	1ED5	0000	92

termometr.c estimated size: 92

C:\Program Files\Microchip\xc8\v2.40\pic\sources\c90\common\lwmod.c
		___lwmod       		CODE           	0004	0000	58

C:\Program Files\Microchip\xc8\v2.40\pic\sources\c90\common\lwmod.c estimated size: 58

shared
		__stringtab    		STRING         	1000	0000	6
		__powers_      		STRING         	1006	0000	52
		_dpowers       		STRING         	106E	0000	40
		__npowers_     		STRING         	103A	0000	52
		__initialization		CODE           	07EE	0000	14

shared estimated size: 164

C:\Program Files\Microchip\xc8\v2.40\pic\sources\c90\common\llmod.c
		___llmod       		CODE           	1E28	0000	84

C:\Program Files\Microchip\xc8\v2.40\pic\sources\c90\common\llmod.c estimated size: 84

C:\Program Files\Microchip\xc8\v2.40\pic\sources\c90\common\isdigit.c
		_isdigit       		CODE           	1D28	0000	18

C:\Program Files\Microchip\xc8\v2.40\pic\sources\c90\common\isdigit.c estimated size: 18

C:\Program Files\Microchip\xc8\v2.40\pic\sources\c90\common\sprcadd.c
		___flsub       		CODE           	1D4D	0000	36
		___fladd       		CODE           	15A8	0000	600

C:\Program Files\Microchip\xc8\v2.40\pic\sources\c90\common\sprcadd.c estimated size: 636

measure.c
		_delay         		CODE           	109E	0000	22
		_measure       		CODE           	10DB	0000	119
		_initTermoDatchik		CODE           	1D0A	0000	14

measure.c estimated size: 155

C:\Program Files\Microchip\xc8\v2.40\pic\sources\c90\common\awmod.c
		___awmod       		CODE           	1E7C	0000	89

C:\Program Files\Microchip\xc8\v2.40\pic\sources\c90\common\awmod.c estimated size: 89

C:\Program Files\Microchip\xc8\v2.40\pic\sources\c90\common\flge.c
		___flge        		CODE           	0803	0000	162

C:\Program Files\Microchip\xc8\v2.40\pic\sources\c90\common\flge.c estimated size: 162

C:\Program Files\Microchip\xc8\v2.40\pic\sources\c90\common\fldivl.c
		__div_to_l_    		CODE           	00F6	0000	184

C:\Program Files\Microchip\xc8\v2.40\pic\sources\c90\common\fldivl.c estimated size: 184

C:\Program Files\Microchip\xc8\v2.40\pic\sources\c90\common\lwdiv.c
		___lwdiv       		CODE           	1D96	0000	68

C:\Program Files\Microchip\xc8\v2.40\pic\sources\c90\common\lwdiv.c estimated size: 68

C:\Program Files\Microchip\xc8\v2.40\pic\sources\c90\common\xxtofl.c
		___xxtofl      		CODE           	003E	0000	184

C:\Program Files\Microchip\xc8\v2.40\pic\sources\c90\common\xxtofl.c estimated size: 184

